// Jest Snapshot v1, https://goo.gl/fbAQLP

exports[`Render should render component 1`] = `<div />`;

exports[`Render should render links 1`] = `
<div>
  <div
    className="menu-item"
    key="0-/"
  >
    <NavLink
      activeClassName="active"
      aria-current="page"
      className="nav-item"
      exact={true}
      onClick={[MockFunction]}
      to="/"
    >
      Home
    </NavLink>
  </div>
  <div
    className="menu-item"
    key="1-/bikes"
  >
    <NavLink
      activeClassName="active"
      aria-current="page"
      className="nav-item"
      exact={true}
      onClick={[MockFunction]}
      to="/bikes"
    >
      Bikes
    </NavLink>
  </div>
</div>
`;
